C251 COMPILER V5.60.0,  STC32G_Compare                                                     24/03/23  00:55:29  PAGE 1   


C251 COMPILER V5.60.0, COMPILATION OF MODULE STC32G_Compare
OBJECT MODULE PLACED IN .\Objects\STC32G_Compare.obj
COMPILER INVOKED BY: C:\Keil_v5\C251\BIN\C251.EXE Sources\Driver\src\STC32G_Compare.c XSMALL FUNCTIONS(REENTRANT) OPTIMI
                    -ZE(4,SPEED) BROWSE INCDIR(.\Sources\User;.\Sources\User\include;.\Sources\FreeRTOS\include;.\Sources\FreeRTOS\portable\S
                    -TC32G12K128;.\Sources\Driver\inc;.\Sources\Task\inc;.\Sources\ch395) DEBUG PRINT(.\Listings\STC32G_Compare.lst) TABS(2) 
                    -OBJECT(.\Objects\STC32G_Compare.obj) 

stmt  level    source

    1          /*---------------------------------------------------------------------*/
    2          /* --- STC MCU Limited ------------------------------------------------*/
    3          /* --- STC 1T Series MCU Demo Programme -------------------------------*/
    4          /* --- Mobile: (86)13922805190 ----------------------------------------*/
    5          /* --- Fax: 86-0513-55012956,55012947,55012969 ------------------------*/
    6          /* --- Tel: 86-0513-55012928,55012929,55012966 ------------------------*/
    7          /* --- Web: www.STCMCU.com --------------------------------------------*/
    8          /* --- Web: www.STCMCUDATA.com  ---------------------------------------*/
    9          /* --- QQ:  800003751 -------------------------------------------------*/
   10          /* 如果要在程序中使用此代码,请在程序中注明使用了STC的资料及程序            */
   11          /*---------------------------------------------------------------------*/
   12          
   13          #include  "STC32G_Compare.h"
   14          
   15          //========================================================================
   16          // 函数:void  CMP_Inilize(CMP_InitDefine *CMPx)
   17          // 描述: 比较器初始化程序.
   18          // 参数: CMPx: 结构参数,请参考compare.h里的定义.
   19          // 返回: none.
   20          // 版本: V1.0, 2012-10-22
   21          //========================================================================
   22          void  CMP_Inilize(CMP_InitDefine *CMPx)
   23          {
   24   1        CMPCR1 &= 0x30;
   25   1        CMPCR2 = CMPx->CMP_OutDelayDuty & 0x3f;             //比较结果变化延时周期数, 0~63
   26   1        if(CMPx->CMP_EN == ENABLE)        CMPEN = 1;        //允许比较器   ENABLE,DISABLE
   27   1        if(CMPx->CMP_Outpt_En == ENABLE)    CMPOE = 1;      //允许比较结果输出到P3.4/P4.1,   ENABLE,DISABLE
   28   1        if(CMPx->CMP_InvCMPO     == ENABLE)   INVCMPO = 1;  //比较器输出取反,  ENABLE,DISABLE
   29   1        if(CMPx->CMP_100nsFilter == DISABLE)  DISFLT = 1;   //内部0.1uF滤波,    ENABLE,DISABLE
   30   1      
   31   1        if(CMPx->CMP_P_Select  <= CMP_P_ADC)  CMPEXCFG = (CMPEXCFG & ~0x03) | (CMPx->CMP_P_Select);     //比较器
             -输入正极选择, CMP_P_P37/CMP_P_P50/CMP_P_P51, CMP_P_ADC: 由ADC模拟输入端做正输入.
   32   1        if(CMPx->CMP_N_Select  <= CMP_N_GAP)  CMPEXCFG = (CMPEXCFG & ~0x04) | (CMPx->CMP_N_Select << 2);  //比较
             -器输入负极选择, CMP_N_GAP: 选择内部BandGap经过OP后的电压做负输入, CMP_N_P36: 选择P3.6做负输入
             -.
   33   1      }


Module Information          Static   Overlayable
------------------------------------------------
  code size            =       112     ------
  ecode size           =    ------     ------
  data size            =    ------     ------
  idata size           =    ------     ------
  pdata size           =    ------     ------
  xdata size           =    ------     ------
  xdata-const size     =    ------     ------
  edata size           =    ------     ------
  bit size             =    ------     ------
  ebit size            =    ------     ------
  bitaddressable size  =    ------     ------
  ebitaddressable size =    ------     ------
  far data size        =    ------     ------
  huge data size       =    ------     ------
  const size           =    ------     ------
  hconst size          =    ------     ------
End of Module Information.

C251 COMPILER V5.60.0,  STC32G_Compare                                                     24/03/23  00:55:29  PAGE 2   


C251 COMPILATION COMPLETE.  0 WARNING(S),  0 ERROR(S)
